volcano_qrd_ois_manager_0.json
volcano_qrd_stk3a5x_0.json
volcano_qrd_icm4x6xx_0.json
volcano_dynamic_sensors_template.json
volcano_dynamic_sensors.json
volcano_irq.json
volcano_lps22df_0.json
volcano_power_0.json
volcano_sx932x_0.json
volcano_tmd2755_0.json
volcano_vertigo_mmc56x3x_0.json
volcano_lsm6dso_0.json
volcano_vertigo_lsm6dso_0.json
volcano_bu52053nvx_0.json
volcano_default_sensors.json
volcano_qrd_lsm6dso_0.json
volcano_mmc56x3x_0.json
volcano_qrd_tmd2755_0.json
qrd_hx32062secr_0.json
qrd_icm536xx_0.json
qrd_lsm6dsv_0.json
qrd_ltr567_0.json
qrd_och191x_0.json
qrd_mmc56x3x_0.json
volcano_mtp_lsm6dso_0.json
volcano_mtp_mmc56x3x_0.json
volcano_iot_bu52053nvx_0.json
sns_amd.json
sns_amd_sw_enabled.json
sns_aont.json
sns_cm.json
sns_device_orient.json
sns_diag_filter.json
sns_direct_channel.json
sns_distance_bound.json
sns_dpc.json
sns_fmv.json
sns_flight_md.json
sns_gyro_cal.json
sns_mag_cal.json
sns_offbody_detect_phone.json
sns_pedometer.json
sns_psd_enable.json
sns_rmd.json
sns_rotv.json
sns_smd.json
sns_tilt.json
sns_tilt_sw_enabled.json
sns_tilt_to_wake.json
sns_transport_ppe.json
qrd_ois_manager.json
